// Jest Snapshot v1, https://goo.gl/fbAQLP

exports[`App has a valid snapshot 1`] = `
<div
  className="page"
>
  <div
    className="interactions"
  >
    <form
      onSubmit={[Function]}
    >
      Search
      <input
        onChange={[Function]}
        type="text"
        value="redux"
      />
      <button
        type="submit"
      >
        Search
      </button>
    </form>
  </div>
  <div
    className="table"
  >
    <div
      className="table-header"
    >
      <span
        style={
          Object {
            "width": "40%",
          }
        }
      >
        <button
          className="button-inline"
          onClick={[Function]}
          type="button"
        >
          Title
        </button>
      </span>
      <span
        style={
          Object {
            "width": "30%",
          }
        }
      >
        <button
          className="button-inline"
          onClick={[Function]}
          type="button"
        >
          Author
        </button>
      </span>
      <span
        style={
          Object {
            "width": "10%",
          }
        }
      >
        <button
          className="button-inline"
          onClick={[Function]}
          type="button"
        >
          Comments
        </button>
      </span>
      <span
        style={
          Object {
            "width": "10%",
          }
        }
      >
        <button
          className="button-inline"
          onClick={[Function]}
          type="button"
        >
          Points
        </button>
      </span>
      <span
        style={
          Object {
            "width": "10%",
          }
        }
      >
        Archive
      </span>
    </div>
  </div>
  <img
    alt="Loading..."
    src="loading.svg"
  />
</div>
`;

exports[`Button has a valid snapshot 1`] = `[Function]`;

exports[`Search has a valid snapshot 1`] = `
<form>
  Search
  <input
    type="text"
  />
  <button
    type="submit"
  >
    Search
  </button>
</form>
`;

exports[`Table has a valid snapshot 1`] = `[Function]`;
